				;
				;	Disassembled by:
				;		DASMx object code disassembler
				;		(c) Copyright 1996-2003   Conquest Consultants
				;		Version 1.40 (Oct 18 2003)
				;
				;	File:		ithaca_audio_1010_percom.bin
				;
				;	Size:		1024 bytes
				;	Checksum:	3DC2
				;	CRC-32:		7E8520F4
				;
				;	Date:		Sun Sep 15 14:02:18 2019
				;
				;	CPU:		Zilog Z80 (Z80 family)
				;
				;
				;
					org	0C000H
				;
C000 : C3 03 C0		"   "		jp	LC003
				;
C003				LC003:
C003 : DB 01		"  "		in	a,(001H)
C005 : 31 FF CF		"1  "		ld	sp,0CFFFH
C008 : CD 0E C0		"   "		call	LC00E
C00B : C3 03 C0		"   "		jp	LC003
				;
C00E				LC00E:
C00E : AF		" "		xor	a
C00F : D3 00		"  "		out	(000H),a
C011 : CD DE C1		"   "		call	LC1DE
C014 : 3E 3F		">?"		ld	a,03FH
C016 : CD CE C1		"   "		call	LC1CE
C019 : CD 9F C1		"   "		call	LC19F
C01C : F5		" "		push	af
C01D : CD CC C1		"   "		call	LC1CC
C020 : F1		" "		pop	af
C021 : FE 44		" D"		cp	044H
C023 : CA 92 C0		"   "		jp	z,LC092
C026 : FE 4E		" N"		cp	04EH
C028 : CA 8E C0		"   "		jp	z,LC08E
C02B : FE 4C		" L"		cp	04CH
C02D : CA 03 C1		"   "		jp	z,LC103
C030 : FE 56		" V"		cp	056H
C032 : CA 03 C1		"   "		jp	z,LC103
C035 : FE 4D		" M"		cp	04DH
C037 : CA 46 C0		" F "		jp	z,LC046
C03A : FE 43		" C"		cp	043H
C03C : CA 67 C0		" g "		jp	z,LC067
C03F : FE 47		" G"		cp	047H
C041 : C0		" "		ret	nz
C042 : CD C8 C0		"   "		call	LC0C8
C045 : E9		" "		jp	(hl)						;INFO: index jump
				;
C046				LC046:
C046 : CD DD C0		"   "		call	LC0DD
C049				LC049:
C049 : CD EF C0		"   "		call	LC0EF
C04C : AF		" "		xor	a
C04D : B8		" "		cp	b
C04E : C8		" "		ret	z
C04F : CD 50 C1		" P "		call	LC150
C052 : CD CC C1		"   "		call	LC1CC
C055				LC055:
C055 : CD CC C1		"   "		call	LC1CC
C058 : 7E		"~"		ld	a,(hl)
C059 : CD AD C1		"   "		call	LC1AD
C05C : 23		"#"		inc	hl
C05D : 05		" "		dec	b
C05E : C2 55 C0		" U "		jp	nz,LC055
C061 : CD DE C1		"   "		call	LC1DE
C064 : C3 49 C0		" I "		jp	LC049
				;
C067				LC067:
C067 : 2B		"+"		dec	hl
C068				LC068:
C068 : 06 10		"  "		ld	b,010H
C06A : CD DE C1		"   "		call	LC1DE
C06D : CD 50 C1		" P "		call	LC150
C070 : CD CC C1		"   "		call	LC1CC
C073 : CD CC C1		"   "		call	LC1CC
C076				LC076:
C076 : EB		" "		ex	de,hl
C077 : CD C8 C0		"   "		call	LC0C8
C07A : EB		" "		ex	de,hl
C07B : FE 2F		" /"		cp	02FH
C07D : CA 68 C0		" h "		jp	z,LC068
C080 : 73		"s"		ld	(hl),e
C081 : 23		"#"		inc	hl
C082 : 54		"T"		ld	d,h
C083 : 5D		"]"		ld	e,l
C084 : FE 0D		"  "		cp	00DH
C086 : C8		" "		ret	z
C087 : 05		" "		dec	b
C088 : C2 76 C0		" v "		jp	nz,LC076
C08B : C3 68 C0		" h "		jp	LC068
				;
C08E				LC08E:
C08E : 13		" "		inc	de
C08F : C3 49 C0		" I "		jp	LC049
				;
C092				LC092:
C092 : CD DD C0		"   "		call	LC0DD
C095 : 3E 02		"> "		ld	a,002H
C097 : D3 00		"  "		out	(000H),a
C099				LC099:
C099 : CD DE C1		"   "		call	LC1DE
C09C : 0E 00		"  "		ld	c,000H
C09E : 3E 3A		">:"		ld	a,03AH
C0A0 : CD CE C1		"   "		call	LC1CE
C0A3 : CD EF C0		"   "		call	LC0EF
C0A6 : 78		"x"		ld	a,b
C0A7 : CD AD C1		"   "		call	LC1AD
C0AA : CA DE C1		"   "		jp	z,LC1DE
C0AD : CD 50 C1		" P "		call	LC150
C0B0 : AF		" "		xor	a
C0B1 : CD AD C1		"   "		call	LC1AD
C0B4				LC0B4:
C0B4 : 7E		"~"		ld	a,(hl)
C0B5 : CD AD C1		"   "		call	LC1AD
C0B8 : 23		"#"		inc	hl
C0B9 : 05		" "		dec	b
C0BA : C2 B4 C0		"   "		jp	nz,LC0B4
C0BD : AF		" "		xor	a
C0BE : 91		" "		sub	c
C0BF : CD AD C1		"   "		call	LC1AD
C0C2 : C3 99 C0		"   "		jp	LC099
				;
C0C5 : FF		" "		rst	L0038
C0C6 : FF		" "		rst	L0038
C0C7 : FF		" "		rst	L0038
C0C8				LC0C8:
C0C8 : 21 00 00		"!  "		ld	hl,00000H
C0CB				LC0CB:
C0CB : CD 9F C1		"   "		call	LC19F
C0CE : FE 30		" 0"		cp	030H
C0D0 : D8		" "		ret	c
C0D1 : 29		")"		add	hl,hl
C0D2 : 29		")"		add	hl,hl
C0D3 : 29		")"		add	hl,hl
C0D4 : 29		")"		add	hl,hl
C0D5 : CD 97 C1		"   "		call	LC197
C0D8 : 85		" "		add	a,l
C0D9 : 6F		"o"		ld	l,a
C0DA : C3 CB C0		"   "		jp	LC0CB
				;
C0DD				LC0DD:
C0DD : CD C8 C0		"   "		call	LC0C8
C0E0 : 5D		"]"		ld	e,l
C0E1 : 54		"T"		ld	d,h
C0E2 : FE 0D		"  "		cp	00DH
C0E4 : CA EB C0		"   "		jp	z,LC0EB
C0E7 : CD C8 C0		"   "		call	LC0C8
C0EA : EB		" "		ex	de,hl
C0EB				LC0EB:
C0EB : 13		" "		inc	de
C0EC : C3 DE C1		"   "		jp	LC1DE
				;
C0EF				LC0EF:
C0EF : 7B		"{"		ld	a,e
C0F0 : 95		" "		sub	l
C0F1 : 47		"G"		ld	b,a
C0F2 : 7A		"z"		ld	a,d
C0F3 : 9C		" "		sbc	a,h
C0F4 : 3E 10		"> "		ld	a,010H
C0F6 : C2 FB C0		"   "		jp	nz,LC0FB
C0F9 : B8		" "		cp	b
C0FA : D0		" "		ret	nc
C0FB				LC0FB:
C0FB : 47		"G"		ld	b,a
C0FC : C9		" "		ret
				;
C0FD : FF		" "		rst	L0038
C0FE : FF		" "		rst	L0038
C0FF : FF		" "		rst	L0038
C100 : 31 FF CF		"1  "		ld	sp,0CFFFH
C103				LC103:
C103 : 57		"W"		ld	d,a
C104 : 3E 01		"> "		ld	a,001H
C106 : D3 00		"  "		out	(000H),a
C108				LC108:
C108 : CD 9F C1		"   "		call	LC19F
C10B : FE 3A		" :"		cp	03AH
C10D : C2 08 C1		"   "		jp	nz,LC108
C110 : 0E 00		"  "		ld	c,000H
C112 : CD 80 C1		"   "		call	LC180
C115 : 47		"G"		ld	b,a
C116 : CA 58 C1		" X "		jp	z,LC158
C119 : CD 80 C1		"   "		call	LC180
C11C : 67		"g"		ld	h,a
C11D : CD 80 C1		"   "		call	LC180
C120 : 6F		"o"		ld	l,a
C121 : CD 80 C1		"   "		call	LC180
C124				LC124:
C124 : CD 80 C1		"   "		call	LC180
C127 : 5F		"_"		ld	e,a
C128 : 7A		"z"		ld	a,d
C129 : FE 56		" V"		cp	056H
C12B : 7B		"{"		ld	a,e
C12C : CA 30 C1		" 0 "		jp	z,LC130
C12F : 77		"w"		ld	(hl),a
C130				LC130:
C130 : BE		" "		cp	(hl)
C131 : 1E 4D		" M"		ld	e,04DH
C133 : C2 43 C1		" C "		jp	nz,LC143
C136 : 23		"#"		inc	hl
C137 : 05		" "		dec	b
C138 : C2 24 C1		" $ "		jp	nz,LC124
C13B : CD 80 C1		"   "		call	LC180
C13E : 1E 58		" X"		ld	e,058H
C140 : CA 08 C1		"   "		jp	z,LC108
C143				LC143:
C143 : AF		" "		xor	a
C144 : D3 00		"  "		out	(000H),a
C146 : CD DE C1		"   "		call	LC1DE
C149 : 7B		"{"		ld	a,e
C14A : CD CE C1		"   "		call	LC1CE
C14D : CD CC C1		"   "		call	LC1CC
C150				LC150:
C150 : 7C		"|"		ld	a,h
C151 : CD AD C1		"   "		call	LC1AD
C154 : 7D		"}"		ld	a,l
C155 : C3 AD C1		"   "		jp	LC1AD
				;
C158				LC158:
C158 : 7A		"z"		ld	a,d
C159 : FE 52		" R"		cp	052H
C15B : C8		" "		ret	z
C15C : CD 9F C1		"   "		call	LC19F
C15F : FE 0D		"  "		cp	00DH
C161 : C8		" "		ret	z
C162 : CD 83 C1		"   "		call	LC183
C165 : 67		"g"		ld	h,a
C166 : CD 80 C1		"   "		call	LC180
C169 : 6F		"o"		ld	l,a
C16A : CD 80 C1		"   "		call	LC180
C16D : 1E 58		" X"		ld	e,058H
C16F : C2 43 C1		" C "		jp	nz,LC143
C172 : AF		" "		xor	a
C173 : D3 00		"  "		out	(000H),a
C175 : F1		" "		pop	af
C176 : E9		" "		jp	(hl)						;INFO: index jump
				;
C177 : FF		" "		rst	L0038
C178 : FF		" "		rst	L0038
C179 : FF		" "		rst	L0038
C17A : FF		" "		rst	L0038
C17B : FF		" "		rst	L0038
C17C : FF		" "		rst	L0038
C17D : FF		" "		rst	L0038
C17E : FF		" "		rst	L0038
C17F : FF		" "		rst	L0038
C180				LC180:
C180 : CD 9F C1		"   "		call	LC19F
C183				LC183:
C183 : CD 97 C1		"   "		call	LC197
C186 : 07		" "		rlca
C187 : 17		" "		rla
C188 : 17		" "		rla
C189 : 17		" "		rla
C18A : 5F		"_"		ld	e,a
C18B : CD 9F C1		"   "		call	LC19F
C18E : CD 97 C1		"   "		call	LC197
C191 : 83		" "		add	a,e
C192 : 5F		"_"		ld	e,a
C193 : 81		" "		add	a,c
C194 : 4F		"O"		ld	c,a
C195 : 7B		"{"		ld	a,e
C196 : C9		" "		ret
				;
C197				LC197:
C197 : D6 30		" 0"		sub	030H
C199 : FE 0A		"  "		cp	00AH
C19B : D8		" "		ret	c
C19C : D6 07		"  "		sub	007H
C19E : C9		" "		ret
				;
C19F				LC19F:
C19F : DB 00		"  "		in	a,(000H)
C1A1 : E6 40		" @"		and	040H
C1A3 : CA 9F C1		"   "		jp	z,LC19F
C1A6 : DB 01		"  "		in	a,(001H)
C1A8 : D3 01		"  "		out	(001H),a
C1AA : E6 7F		"  "		and	07FH
C1AC : C9		" "		ret
				;
C1AD				LC1AD:
C1AD : F5		" "		push	af
C1AE : 0F		" "		rrca
C1AF : 0F		" "		rrca
C1B0 : 0F		" "		rrca
C1B1 : 0F		" "		rrca
C1B2 : CD BE C1		"   "		call	LC1BE
C1B5 : F1		" "		pop	af
C1B6 : F5		" "		push	af
C1B7 : CD BE C1		"   "		call	LC1BE
C1BA : F1		" "		pop	af
C1BB : 81		" "		add	a,c
C1BC : 4F		"O"		ld	c,a
C1BD : C9		" "		ret
				;
C1BE				LC1BE:
C1BE : E6 0F		"  "		and	00FH
C1C0 : C6 30		" 0"		add	a,030H
C1C2 : FE 3A		" :"		cp	03AH
C1C4 : DA CE C1		"   "		jp	c,LC1CE
C1C7 : C6 07		"  "		add	a,007H
C1C9 : C3 CE C1		"   "		jp	LC1CE
				;
C1CC				LC1CC:
C1CC : 3E 20		"> "		ld	a,020H
C1CE				LC1CE:
C1CE : F5		" "		push	af
C1CF				LC1CF:
C1CF : DB 00		"  "		in	a,(000H)
C1D1 : 07		" "		rlca
C1D2 : D2 CF C1		"   "		jp	nc,LC1CF
C1D5 : 07		" "		rlca
C1D6 : 00		" "		nop
C1D7 : DA 03 C0		"   "		jp	c,LC003
C1DA : F1		" "		pop	af
C1DB : D3 01		"  "		out	(001H),a
C1DD : C9		" "		ret
				;
C1DE				LC1DE:
C1DE : 3E 0D		"> "		ld	a,00DH
C1E0 : CD CE C1		"   "		call	LC1CE
C1E3 : 3E 0A		"> "		ld	a,00AH
C1E5 : CD CE C1		"   "		call	LC1CE
C1E8 : AF		" "		xor	a
C1E9 : C3 CE C1		"   "		jp	LC1CE
				;
C1EC : FF		" "		rst	L0038
C1ED : FF		" "		rst	L0038
C1EE : FF		" "		rst	L0038
C1EF : FF		" "		rst	L0038
C1F0 : FF		" "		rst	L0038
C1F1 : FF		" "		rst	L0038
C1F2 : FF		" "		rst	L0038
C1F3 : FF		" "		rst	L0038
C1F4 : FF		" "		rst	L0038
C1F5 : FF		" "		rst	L0038
C1F6 : FF		" "		rst	L0038
C1F7 : FF		" "		rst	L0038
C1F8 : FF		" "		rst	L0038
C1F9 : FF		" "		rst	L0038
C1FA : FF		" "		rst	L0038
C1FB : FF		" "		rst	L0038
C1FC : FF		" "		rst	L0038
C1FD : FF		" "		rst	L0038
C1FE : FF		" "		rst	L0038
C1FF : FF		" "		rst	L0038
C200 : FF		" "		rst	L0038
C201 : FF		" "		rst	L0038
C202 : FF		" "		rst	L0038
C203 : FF		" "		rst	L0038
C204 : FF		" "		rst	L0038
C205 : FF		" "		rst	L0038
C206 : FF		" "		rst	L0038
C207 : FF		" "		rst	L0038
C208 : FF		" "		rst	L0038
C209 : FF		" "		rst	L0038
C20A : FF		" "		rst	L0038
C20B : FF		" "		rst	L0038
C20C : FF		" "		rst	L0038
C20D : FF		" "		rst	L0038
C20E : FF		" "		rst	L0038
C20F : FF		" "		rst	L0038
C210 : FF		" "		rst	L0038
C211 : FF		" "		rst	L0038
C212 : FF		" "		rst	L0038
C213 : FF		" "		rst	L0038
C214 : FF		" "		rst	L0038
C215 : FF		" "		rst	L0038
C216 : FF		" "		rst	L0038
C217 : FF		" "		rst	L0038
C218 : FF		" "		rst	L0038
C219 : FF		" "		rst	L0038
C21A : FF		" "		rst	L0038
C21B : FF		" "		rst	L0038
C21C : FF		" "		rst	L0038
C21D : FF		" "		rst	L0038
C21E : FF		" "		rst	L0038
C21F : FF		" "		rst	L0038
C220 : FF		" "		rst	L0038
C221 : FF		" "		rst	L0038
C222 : FF		" "		rst	L0038
C223 : FF		" "		rst	L0038
C224 : FF		" "		rst	L0038
C225 : FF		" "		rst	L0038
C226 : FF		" "		rst	L0038
C227 : FF		" "		rst	L0038
C228 : FF		" "		rst	L0038
C229 : FF		" "		rst	L0038
C22A : FF		" "		rst	L0038
C22B : FF		" "		rst	L0038
C22C : FF		" "		rst	L0038
C22D : FF		" "		rst	L0038
C22E : FF		" "		rst	L0038
C22F : FF		" "		rst	L0038
C230 : FF		" "		rst	L0038
C231 : FF		" "		rst	L0038
C232 : FF		" "		rst	L0038
C233 : FF		" "		rst	L0038
C234 : FF		" "		rst	L0038
C235 : FF		" "		rst	L0038
C236 : FF		" "		rst	L0038
C237 : FF		" "		rst	L0038
C238 : FF		" "		rst	L0038
C239 : FF		" "		rst	L0038
C23A : FF		" "		rst	L0038
C23B : FF		" "		rst	L0038
C23C : FF		" "		rst	L0038
C23D : FF		" "		rst	L0038
C23E : FF		" "		rst	L0038
C23F : FF		" "		rst	L0038
C240 : FF		" "		rst	L0038
C241 : FF		" "		rst	L0038
C242 : FF		" "		rst	L0038
C243 : FF		" "		rst	L0038
C244 : FF		" "		rst	L0038
C245 : FF		" "		rst	L0038
C246 : FF		" "		rst	L0038
C247 : FF		" "		rst	L0038
C248 : FF		" "		rst	L0038
C249 : FF		" "		rst	L0038
C24A : FF		" "		rst	L0038
C24B : FF		" "		rst	L0038
C24C : FF		" "		rst	L0038
C24D : FF		" "		rst	L0038
C24E : FF		" "		rst	L0038
C24F : FF		" "		rst	L0038
C250 : FF		" "		rst	L0038
C251 : FF		" "		rst	L0038
C252 : FF		" "		rst	L0038
C253 : FF		" "		rst	L0038
C254 : FF		" "		rst	L0038
C255 : FF		" "		rst	L0038
C256 : FF		" "		rst	L0038
C257 : FF		" "		rst	L0038
C258 : FF		" "		rst	L0038
C259 : FF		" "		rst	L0038
C25A : FF		" "		rst	L0038
C25B : FF		" "		rst	L0038
C25C : FF		" "		rst	L0038
C25D : FF		" "		rst	L0038
C25E : FF		" "		rst	L0038
C25F : FF		" "		rst	L0038
C260 : FF		" "		rst	L0038
C261 : FF		" "		rst	L0038
C262 : FF		" "		rst	L0038
C263 : FF		" "		rst	L0038
C264 : FF		" "		rst	L0038
C265 : FF		" "		rst	L0038
C266 : FF		" "		rst	L0038
C267 : FF		" "		rst	L0038
C268 : FF		" "		rst	L0038
C269 : FF		" "		rst	L0038
C26A : FF		" "		rst	L0038
C26B : FF		" "		rst	L0038
C26C : FF		" "		rst	L0038
C26D : FF		" "		rst	L0038
C26E : FF		" "		rst	L0038
C26F : FF		" "		rst	L0038
C270 : FF		" "		rst	L0038
C271 : FF		" "		rst	L0038
C272 : FF		" "		rst	L0038
C273 : FF		" "		rst	L0038
C274 : FF		" "		rst	L0038
C275 : FF		" "		rst	L0038
C276 : FF		" "		rst	L0038
C277 : FF		" "		rst	L0038
C278 : FF		" "		rst	L0038
C279 : FF		" "		rst	L0038
C27A : FF		" "		rst	L0038
C27B : FF		" "		rst	L0038
C27C : FF		" "		rst	L0038
C27D : FF		" "		rst	L0038
C27E : FF		" "		rst	L0038
C27F : FF		" "		rst	L0038
C280 : FF		" "		rst	L0038
C281 : FF		" "		rst	L0038
C282 : FF		" "		rst	L0038
C283 : FF		" "		rst	L0038
C284 : FF		" "		rst	L0038
C285 : FF		" "		rst	L0038
C286 : FF		" "		rst	L0038
C287 : FF		" "		rst	L0038
C288 : FF		" "		rst	L0038
C289 : FF		" "		rst	L0038
C28A : FF		" "		rst	L0038
C28B : FF		" "		rst	L0038
C28C : FF		" "		rst	L0038
C28D : FF		" "		rst	L0038
C28E : FF		" "		rst	L0038
C28F : FF		" "		rst	L0038
C290 : FF		" "		rst	L0038
C291 : FF		" "		rst	L0038
C292 : FF		" "		rst	L0038
C293 : FF		" "		rst	L0038
C294 : FF		" "		rst	L0038
C295 : FF		" "		rst	L0038
C296 : FF		" "		rst	L0038
C297 : FF		" "		rst	L0038
C298 : FF		" "		rst	L0038
C299 : FF		" "		rst	L0038
C29A : FF		" "		rst	L0038
C29B : FF		" "		rst	L0038
C29C : FF		" "		rst	L0038
C29D : FF		" "		rst	L0038
C29E : FF		" "		rst	L0038
C29F : FF		" "		rst	L0038
C2A0 : FF		" "		rst	L0038
C2A1 : FF		" "		rst	L0038
C2A2 : FF		" "		rst	L0038
C2A3 : FF		" "		rst	L0038
C2A4 : FF		" "		rst	L0038
C2A5 : FF		" "		rst	L0038
C2A6 : FF		" "		rst	L0038
C2A7 : FF		" "		rst	L0038
C2A8 : FF		" "		rst	L0038
C2A9 : FF		" "		rst	L0038
C2AA : FF		" "		rst	L0038
C2AB : FF		" "		rst	L0038
C2AC : FF		" "		rst	L0038
C2AD : FF		" "		rst	L0038
C2AE : FF		" "		rst	L0038
C2AF : FF		" "		rst	L0038
C2B0 : FF		" "		rst	L0038
C2B1 : FF		" "		rst	L0038
C2B2 : FF		" "		rst	L0038
C2B3 : FF		" "		rst	L0038
C2B4 : FF		" "		rst	L0038
C2B5 : FF		" "		rst	L0038
C2B6 : FF		" "		rst	L0038
C2B7 : FF		" "		rst	L0038
C2B8 : FF		" "		rst	L0038
C2B9 : FF		" "		rst	L0038
C2BA : FF		" "		rst	L0038
C2BB : FF		" "		rst	L0038
C2BC : FF		" "		rst	L0038
C2BD : FF		" "		rst	L0038
C2BE : FF		" "		rst	L0038
C2BF : FF		" "		rst	L0038
C2C0 : FF		" "		rst	L0038
C2C1 : FF		" "		rst	L0038
C2C2 : FF		" "		rst	L0038
C2C3 : FF		" "		rst	L0038
C2C4 : FF		" "		rst	L0038
C2C5 : FF		" "		rst	L0038
C2C6 : FF		" "		rst	L0038
C2C7 : FF		" "		rst	L0038
C2C8 : FF		" "		rst	L0038
C2C9 : FF		" "		rst	L0038
C2CA : FF		" "		rst	L0038
C2CB : FF		" "		rst	L0038
C2CC : FF		" "		rst	L0038
C2CD : FF		" "		rst	L0038
C2CE : FF		" "		rst	L0038
C2CF : FF		" "		rst	L0038
C2D0 : FF		" "		rst	L0038
C2D1 : FF		" "		rst	L0038
C2D2 : FF		" "		rst	L0038
C2D3 : FF		" "		rst	L0038
C2D4 : FF		" "		rst	L0038
C2D5 : FF		" "		rst	L0038
C2D6 : FF		" "		rst	L0038
C2D7 : FF		" "		rst	L0038
C2D8 : FF		" "		rst	L0038
C2D9 : FF		" "		rst	L0038
C2DA : FF		" "		rst	L0038
C2DB : FF		" "		rst	L0038
C2DC : FF		" "		rst	L0038
C2DD : FF		" "		rst	L0038
C2DE : FF		" "		rst	L0038
C2DF : FF		" "		rst	L0038
C2E0 : FF		" "		rst	L0038
C2E1 : FF		" "		rst	L0038
C2E2 : FF		" "		rst	L0038
C2E3 : FF		" "		rst	L0038
C2E4 : FF		" "		rst	L0038
C2E5 : FF		" "		rst	L0038
C2E6 : FF		" "		rst	L0038
C2E7 : FF		" "		rst	L0038
C2E8 : FF		" "		rst	L0038
C2E9 : FF		" "		rst	L0038
C2EA : FF		" "		rst	L0038
C2EB : FF		" "		rst	L0038
C2EC : FF		" "		rst	L0038
C2ED : FF		" "		rst	L0038
C2EE : FF		" "		rst	L0038
C2EF : FF		" "		rst	L0038
C2F0 : FF		" "		rst	L0038
C2F1 : FF		" "		rst	L0038
C2F2 : FF		" "		rst	L0038
C2F3 : FF		" "		rst	L0038
C2F4 : FF		" "		rst	L0038
C2F5 : FF		" "		rst	L0038
C2F6 : FF		" "		rst	L0038
C2F7 : FF		" "		rst	L0038
C2F8 : FF		" "		rst	L0038
C2F9 : FF		" "		rst	L0038
C2FA : FF		" "		rst	L0038
C2FB : FF		" "		rst	L0038
C2FC : FF		" "		rst	L0038
C2FD : FF		" "		rst	L0038
C2FE : FF		" "		rst	L0038
C2FF : FF		" "		rst	L0038
C300 : FF		" "		rst	L0038
C301 : FF		" "		rst	L0038
C302 : FF		" "		rst	L0038
C303 : FF		" "		rst	L0038
C304 : FF		" "		rst	L0038
C305 : FF		" "		rst	L0038
C306 : FF		" "		rst	L0038
C307 : FF		" "		rst	L0038
C308 : FF		" "		rst	L0038
C309 : FF		" "		rst	L0038
C30A : FF		" "		rst	L0038
C30B : FF		" "		rst	L0038
C30C : FF		" "		rst	L0038
C30D : FF		" "		rst	L0038
C30E : FF		" "		rst	L0038
C30F : FF		" "		rst	L0038
C310 : FF		" "		rst	L0038
C311 : FF		" "		rst	L0038
C312 : FF		" "		rst	L0038
C313 : FF		" "		rst	L0038
C314 : FF		" "		rst	L0038
C315 : FF		" "		rst	L0038
C316 : FF		" "		rst	L0038
C317 : FF		" "		rst	L0038
C318 : FF		" "		rst	L0038
C319 : FF		" "		rst	L0038
C31A : FF		" "		rst	L0038
C31B : FF		" "		rst	L0038
C31C : FF		" "		rst	L0038
C31D : FF		" "		rst	L0038
C31E : FF		" "		rst	L0038
C31F : FF		" "		rst	L0038
C320 : FF		" "		rst	L0038
C321 : FF		" "		rst	L0038
C322 : FF		" "		rst	L0038
C323 : FF		" "		rst	L0038
C324 : FF		" "		rst	L0038
C325 : FF		" "		rst	L0038
C326 : FF		" "		rst	L0038
C327 : FF		" "		rst	L0038
C328 : FF		" "		rst	L0038
C329 : FF		" "		rst	L0038
C32A : FF		" "		rst	L0038
C32B : FF		" "		rst	L0038
C32C : FF		" "		rst	L0038
C32D : FF		" "		rst	L0038
C32E : FF		" "		rst	L0038
C32F : FF		" "		rst	L0038
C330 : FF		" "		rst	L0038
C331 : FF		" "		rst	L0038
C332 : FF		" "		rst	L0038
C333 : FF		" "		rst	L0038
C334 : FF		" "		rst	L0038
C335 : FF		" "		rst	L0038
C336 : FF		" "		rst	L0038
C337 : FF		" "		rst	L0038
C338 : FF		" "		rst	L0038
C339 : FF		" "		rst	L0038
C33A : FF		" "		rst	L0038
C33B : FF		" "		rst	L0038
C33C : FF		" "		rst	L0038
C33D : FF		" "		rst	L0038
C33E : FF		" "		rst	L0038
C33F : FF		" "		rst	L0038
C340 : FF		" "		rst	L0038
C341 : FF		" "		rst	L0038
C342 : FF		" "		rst	L0038
C343 : FF		" "		rst	L0038
C344 : FF		" "		rst	L0038
C345 : FF		" "		rst	L0038
C346 : FF		" "		rst	L0038
C347 : FF		" "		rst	L0038
C348 : FF		" "		rst	L0038
C349 : FF		" "		rst	L0038
C34A : FF		" "		rst	L0038
C34B : FF		" "		rst	L0038
C34C : FF		" "		rst	L0038
C34D : FF		" "		rst	L0038
C34E : FF		" "		rst	L0038
C34F : FF		" "		rst	L0038
C350 : FF		" "		rst	L0038
C351 : FF		" "		rst	L0038
C352 : FF		" "		rst	L0038
C353 : FF		" "		rst	L0038
C354 : FF		" "		rst	L0038
C355 : FF		" "		rst	L0038
C356 : FF		" "		rst	L0038
C357 : FF		" "		rst	L0038
C358 : FF		" "		rst	L0038
C359 : FF		" "		rst	L0038
C35A : FF		" "		rst	L0038
C35B : FF		" "		rst	L0038
C35C : FF		" "		rst	L0038
C35D : FF		" "		rst	L0038
C35E : FF		" "		rst	L0038
C35F : FF		" "		rst	L0038
C360 : FF		" "		rst	L0038
C361 : FF		" "		rst	L0038
C362 : FF		" "		rst	L0038
C363 : FF		" "		rst	L0038
C364 : FF		" "		rst	L0038
C365 : FF		" "		rst	L0038
C366 : FF		" "		rst	L0038
C367 : FF		" "		rst	L0038
C368 : FF		" "		rst	L0038
C369 : FF		" "		rst	L0038
C36A : FF		" "		rst	L0038
C36B : FF		" "		rst	L0038
C36C : FF		" "		rst	L0038
C36D : FF		" "		rst	L0038
C36E : FF		" "		rst	L0038
C36F : FF		" "		rst	L0038
C370 : FF		" "		rst	L0038
C371 : FF		" "		rst	L0038
C372 : FF		" "		rst	L0038
C373 : FF		" "		rst	L0038
C374 : FF		" "		rst	L0038
C375 : FF		" "		rst	L0038
C376 : FF		" "		rst	L0038
C377 : FF		" "		rst	L0038
C378 : FF		" "		rst	L0038
C379 : FF		" "		rst	L0038
C37A : FF		" "		rst	L0038
C37B : FF		" "		rst	L0038
C37C : FF		" "		rst	L0038
C37D : FF		" "		rst	L0038
C37E : FF		" "		rst	L0038
C37F : FF		" "		rst	L0038
C380 : FF		" "		rst	L0038
C381 : FF		" "		rst	L0038
C382 : FF		" "		rst	L0038
C383 : FF		" "		rst	L0038
C384 : FF		" "		rst	L0038
C385 : FF		" "		rst	L0038
C386 : FF		" "		rst	L0038
C387 : FF		" "		rst	L0038
C388 : FF		" "		rst	L0038
C389 : FF		" "		rst	L0038
C38A : FF		" "		rst	L0038
C38B : FF		" "		rst	L0038
C38C : FF		" "		rst	L0038
C38D : FF		" "		rst	L0038
C38E : FF		" "		rst	L0038
C38F : FF		" "		rst	L0038
C390 : FF		" "		rst	L0038
C391 : FF		" "		rst	L0038
C392 : FF		" "		rst	L0038
C393 : FF		" "		rst	L0038
C394 : FF		" "		rst	L0038
C395 : FF		" "		rst	L0038
C396 : FF		" "		rst	L0038
C397 : FF		" "		rst	L0038
C398 : FF		" "		rst	L0038
C399 : FF		" "		rst	L0038
C39A : FF		" "		rst	L0038
C39B : FF		" "		rst	L0038
C39C : FF		" "		rst	L0038
C39D : FF		" "		rst	L0038
C39E : FF		" "		rst	L0038
C39F : FF		" "		rst	L0038
C3A0 : FF		" "		rst	L0038
C3A1 : FF		" "		rst	L0038
C3A2 : FF		" "		rst	L0038
C3A3 : FF		" "		rst	L0038
C3A4 : FF		" "		rst	L0038
C3A5 : FF		" "		rst	L0038
C3A6 : FF		" "		rst	L0038
C3A7 : FF		" "		rst	L0038
C3A8 : FF		" "		rst	L0038
C3A9 : FF		" "		rst	L0038
C3AA : FF		" "		rst	L0038
C3AB : FF		" "		rst	L0038
C3AC : FF		" "		rst	L0038
C3AD : FF		" "		rst	L0038
C3AE : FF		" "		rst	L0038
C3AF : FF		" "		rst	L0038
C3B0 : FF		" "		rst	L0038
C3B1 : FF		" "		rst	L0038
C3B2 : FF		" "		rst	L0038
C3B3 : FF		" "		rst	L0038
C3B4 : FF		" "		rst	L0038
C3B5 : FF		" "		rst	L0038
C3B6 : FF		" "		rst	L0038
C3B7 : FF		" "		rst	L0038
C3B8 : FF		" "		rst	L0038
C3B9 : FF		" "		rst	L0038
C3BA : FF		" "		rst	L0038
C3BB : FF		" "		rst	L0038
C3BC : FF		" "		rst	L0038
C3BD : FF		" "		rst	L0038
C3BE : FF		" "		rst	L0038
C3BF : FF		" "		rst	L0038
C3C0 : FF		" "		rst	L0038
C3C1 : FF		" "		rst	L0038
C3C2 : FF		" "		rst	L0038
C3C3 : FF		" "		rst	L0038
C3C4 : FF		" "		rst	L0038
C3C5 : FF		" "		rst	L0038
C3C6 : FF		" "		rst	L0038
C3C7 : FF		" "		rst	L0038
C3C8 : FF		" "		rst	L0038
C3C9 : FF		" "		rst	L0038
C3CA : FF		" "		rst	L0038
C3CB : FF		" "		rst	L0038
C3CC : FF		" "		rst	L0038
C3CD : FF		" "		rst	L0038
C3CE : FF		" "		rst	L0038
C3CF : FF		" "		rst	L0038
C3D0 : FF		" "		rst	L0038
C3D1 : FF		" "		rst	L0038
C3D2 : FF		" "		rst	L0038
C3D3 : FF		" "		rst	L0038
C3D4 : FF		" "		rst	L0038
C3D5 : FF		" "		rst	L0038
C3D6 : FF		" "		rst	L0038
C3D7 : FF		" "		rst	L0038
C3D8 : FF		" "		rst	L0038
C3D9 : FF		" "		rst	L0038
C3DA : FF		" "		rst	L0038
C3DB : FF		" "		rst	L0038
C3DC : FF		" "		rst	L0038
C3DD : FF		" "		rst	L0038
C3DE : FF		" "		rst	L0038
C3DF : FF		" "		rst	L0038
C3E0 : FF		" "		rst	L0038
C3E1 : FF		" "		rst	L0038
C3E2 : FF		" "		rst	L0038
C3E3 : FF		" "		rst	L0038
C3E4 : FF		" "		rst	L0038
C3E5 : FF		" "		rst	L0038
C3E6 : FF		" "		rst	L0038
C3E7 : FF		" "		rst	L0038
C3E8 : FF		" "		rst	L0038
C3E9 : FF		" "		rst	L0038
C3EA : FF		" "		rst	L0038
C3EB : FF		" "		rst	L0038
C3EC : FF		" "		rst	L0038
C3ED : FF		" "		rst	L0038
C3EE : FF		" "		rst	L0038
C3EF : FF		" "		rst	L0038
C3F0 : FF		" "		rst	L0038
C3F1 : FF		" "		rst	L0038
C3F2 : FF		" "		rst	L0038
C3F3 : FF		" "		rst	L0038
C3F4 : FF		" "		rst	L0038
C3F5 : FF		" "		rst	L0038
C3F6 : FF		" "		rst	L0038
C3F7 : FF		" "		rst	L0038
C3F8 : FF		" "		rst	L0038
C3F9 : FF		" "		rst	L0038
C3FA : FF		" "		rst	L0038
C3FB : FF		" "		rst	L0038
C3FC : FF		" "		rst	L0038
C3FD : FF		" "		rst	L0038
C3FE : FF		" "		rst	L0038
C3FF : FF		" "		rst	L0038

;--------------------------------------------------------------
Symbol table
============

Value		Type	Name
-----		----	----
0038		Code	L0038
C003		Code	LC003
C00E		Code	LC00E
C046		Code	LC046
C049		Code	LC049
C055		Code	LC055
C067		Code	LC067
C068		Code	LC068
C076		Code	LC076
C08E		Code	LC08E
C092		Code	LC092
C099		Code	LC099
C0B4		Code	LC0B4
C0C8		Code	LC0C8
C0CB		Code	LC0CB
C0DD		Code	LC0DD
C0EB		Code	LC0EB
C0EF		Code	LC0EF
C0FB		Code	LC0FB
C103		Code	LC103
C108		Code	LC108
C124		Code	LC124
C130		Code	LC130
C143		Code	LC143
C150		Code	LC150
C158		Code	LC158
C180		Code	LC180
C183		Code	LC183
C197		Code	LC197
C19F		Code	LC19F
C1AD		Code	LC1AD
C1BE		Code	LC1BE
C1CC		Code	LC1CC
C1CE		Code	LC1CE
C1CF		Code	LC1CF
C1DE		Code	LC1DE

Number of symbols:			36

;--------------------------------------------------------------
